app/(protected)/dashboard/page.tsx(36,17): error TS2339: Property 'loading' does not exist on type 'AuthContextType'.
app/(protected)/history/page.tsx(23,18): error TS7016: Could not find a declaration file for module 'papaparse'. 'C:/Users/hommi/OneDrive/Desktop/Zea-Watch/frontend/node_modules/papaparse/papaparse.js' implicitly has an 'any' type.
  Try `npm i --save-dev @types/papaparse` if it exists or add a new declaration (.d.ts) file containing `declare module 'papaparse';`
app/(protected)/profile/page.tsx(3,8): error TS2300: Duplicate identifier 'React'.
app/(protected)/profile/page.tsx(4,10): error TS2300: Duplicate identifier 'useRouter'.
app/(protected)/profile/page.tsx(5,10): error TS2300: Duplicate identifier 'Navbar'.
app/(protected)/profile/page.tsx(6,10): error TS2300: Duplicate identifier 'Footer'.
app/(protected)/profile/page.tsx(7,10): error TS2300: Duplicate identifier 'Card'.
app/(protected)/profile/page.tsx(7,16): error TS2300: Duplicate identifier 'CardContent'.
app/(protected)/profile/page.tsx(7,29): error TS2300: Duplicate identifier 'CardHeader'.
app/(protected)/profile/page.tsx(7,41): error TS2300: Duplicate identifier 'CardTitle'.
app/(protected)/profile/page.tsx(9,10): error TS2300: Duplicate identifier 'Loader2'.
app/(protected)/profile/page.tsx(12,25): error TS2323: Cannot redeclare exported variable 'default'.
app/(protected)/profile/page.tsx(12,25): error TS2393: Duplicate function implementation.
app/(protected)/profile/page.tsx(14,17): error TS2339: Property 'loading' does not exist on type 'AuthContextType'.
app/(protected)/profile/page.tsx(64,23): error TS2339: Property 'created_at' does not exist on type 'User'.
app/(protected)/profile/page.tsx(64,50): error TS2339: Property 'created_at' does not exist on type 'User'.
app/(protected)/profile/page.tsx(76,8): error TS2300: Duplicate identifier 'React'.
app/(protected)/profile/page.tsx(77,10): error TS2300: Duplicate identifier 'useRouter'.
app/(protected)/profile/page.tsx(78,10): error TS2300: Duplicate identifier 'Navbar'.
app/(protected)/profile/page.tsx(79,10): error TS2300: Duplicate identifier 'Footer'.
app/(protected)/profile/page.tsx(80,10): error TS2300: Duplicate identifier 'Card'.
app/(protected)/profile/page.tsx(80,16): error TS2300: Duplicate identifier 'CardContent'.
app/(protected)/profile/page.tsx(80,46): error TS2300: Duplicate identifier 'CardHeader'.
app/(protected)/profile/page.tsx(80,58): error TS2300: Duplicate identifier 'CardTitle'.
app/(protected)/profile/page.tsx(96,10): error TS2300: Duplicate identifier 'Loader2'.
app/(protected)/profile/page.tsx(97,18): error TS7016: Could not find a declaration file for module 'papaparse'. 'C:/Users/hommi/OneDrive/Desktop/Zea-Watch/frontend/node_modules/papaparse/papaparse.js' implicitly has an 'any' type.
  Try `npm i --save-dev @types/papaparse` if it exists or add a new declaration (.d.ts) file containing `declare module 'papaparse';`
app/(protected)/profile/page.tsx(99,25): error TS2323: Cannot redeclare exported variable 'default'.
app/(protected)/profile/page.tsx(99,25): error TS2393: Duplicate function implementation.
app/(protected)/recommendations/page.tsx(15,17): error TS2339: Property 'loading' does not exist on type 'AuthContextType'.
app/(protected)/settings/page.tsx(15,17): error TS2339: Property 'loading' does not exist on type 'AuthContextType'.
app/(protected)/uploads/page.tsx(15,17): error TS2339: Property 'loading' does not exist on type 'AuthContextType'.
components/UploadCard.tsx(131,35): error TS2774: This condition will always return true since this function is always defined. Did you mean to call it instead?
